ERC report (2026-08-27T13:50:36, Encoding UTF8)
Report includes: Errors, Warnings

***** Sheet /
[pin_not_connected]: Pin not connected
    ; error
    @(38.10 mm, 22.86 mm): Symbol TP_VBATT Pin 1 [1, Passive, Line]
[pin_not_connected]: Pin not connected
    ; error
    @(33.02 mm, 36.83 mm): Symbol J_BATT Pin 1 [Pin_1, Passive, Line]
[pin_not_connected]: Pin not connected
    ; error
    @(33.02 mm, 39.37 mm): Symbol J_BATT Pin 2 [Pin_2, Passive, Line]
[pin_not_connected]: Pin not connected
    ; error
    @(68.58 mm, 34.29 mm): Symbol C_IN Pin 1 [Passive, Line]
[pin_not_connected]: Pin not connected
    ; error
    @(68.58 mm, 41.91 mm): Symbol C_IN Pin 2 [Passive, Line]
[pin_not_connected]: Pin not connected
    ; error
    @(81.28 mm, 35.56 mm): Symbol U1 Pin 3 [VI, Power input, Line]
[power_pin_not_driven]: Input Power pin not driven by any Output Power pins
    ; error
    @(81.28 mm, 35.56 mm): Symbol U1 Pin 3 [VI, Power input, Line]
[pin_not_connected]: Pin not connected
    ; error
    @(33.02 mm, 87.63 mm): Symbol J_FSR Pin 1 [Pin_1, Passive, Line]
[pin_not_connected]: Pin not connected
    ; error
    @(33.02 mm, 90.17 mm): Symbol J_FSR Pin 2 [Pin_2, Passive, Line]
[pin_not_connected]: Pin not connected
    ; error
    @(88.90 mm, 45.72 mm): Symbol U1 Pin 1 [GND, Power input, Line]
[power_pin_not_driven]: Input Power pin not driven by any Output Power pins
    ; error
    @(88.90 mm, 45.72 mm): Symbol U1 Pin 1 [GND, Power input, Line]
[pin_not_connected]: Pin not connected
    ; error
    @(53.34 mm, 85.09 mm): Symbol R_REF Pin 1 [Passive, Line]
[pin_not_connected]: Pin not connected
    ; error
    @(66.04 mm, 78.74 mm): Symbol TP_FSR Pin 1 [1, Passive, Line]
[pin_not_connected]: Pin not connected
    ; error
    @(96.52 mm, 35.56 mm): Symbol U1 Pin 2 [VO, Power output, Line]
[pin_not_connected]: Pin not connected
    ; error
    @(58.42 mm, 85.09 mm): Symbol C_FILT Pin 1 [Passive, Line]
[pin_not_connected]: Pin not connected
    ; error
    @(53.34 mm, 92.71 mm): Symbol R_REF Pin 2 [Passive, Line]
[pin_not_connected]: Pin not connected
    ; error
    @(71.12 mm, 80.01 mm): Symbol J1 Pin 1 [Pin_1, Passive, Line]
[pin_not_connected]: Pin not connected
    ; error
    @(62.23 mm, 88.90 mm): Symbol R_PROT Pin 1 [Passive, Line]
[pin_not_connected]: Pin not connected
    ; error
    @(71.12 mm, 82.55 mm): Symbol J1 Pin 2 [Pin_2, Passive, Line]
[pin_not_connected]: Pin not connected
    ; error
    @(88.90 mm, 63.50 mm): Symbol TP_GND Pin 1 [1, Passive, Line]
[pin_not_connected]: Pin not connected
    ; error
    @(58.42 mm, 92.71 mm): Symbol C_FILT Pin 2 [Passive, Line]
[pin_not_connected]: Pin not connected
    ; error
    @(71.12 mm, 85.09 mm): Symbol J1 Pin 3 [Pin_3, Passive, Line]
[pin_not_connected]: Pin not connected
    ; error
    @(109.22 mm, 22.86 mm): Symbol TP_3V3 Pin 1 [1, Passive, Line]
[pin_not_connected]: Pin not connected
    ; error
    @(71.12 mm, 87.63 mm): Symbol J1 Pin 4 [Pin_4, Passive, Line]
[pin_not_connected]: Pin not connected
    ; error
    @(69.85 mm, 88.90 mm): Symbol R_PROT Pin 2 [Passive, Line]
[pin_not_connected]: Pin not connected
    ; error
    @(109.22 mm, 34.29 mm): Symbol C_OUT Pin 1 [Passive, Line]
[pin_not_connected]: Pin not connected
    ; error
    @(71.12 mm, 90.17 mm): Symbol J1 Pin 5 [Pin_5, Passive, Line]
[pin_not_connected]: Pin not connected
    ; error
    @(71.12 mm, 92.71 mm): Symbol J1 Pin 6 [Pin_6, Passive, Line]
[pin_not_connected]: Pin not connected
    ; error
    @(109.22 mm, 41.91 mm): Symbol C_OUT Pin 2 [Passive, Line]
[pin_not_connected]: Pin not connected
    ; error
    @(71.12 mm, 95.25 mm): Symbol J1 Pin 7 [Pin_7, Passive, Line]
[pin_not_connected]: Pin not connected
    ; error
    @(71.12 mm, 97.79 mm): Symbol J1 Pin 8 [Pin_8, Passive, Line]
[pin_not_connected]: Pin not connected
    ; error
    @(142.24 mm, 22.86 mm): Symbol TP_GATE Pin 1 [1, Passive, Line]
[pin_not_connected]: Pin not connected
    ; error
    @(121.92 mm, 80.01 mm): Symbol J2 Pin 1 [Pin_1, Passive, Line]
[pin_not_connected]: Pin not connected
    ; error
    @(142.24 mm, 34.29 mm): Symbol R_G Pin 1 [Passive, Line]
[pin_not_connected]: Pin not connected
    ; error
    @(121.92 mm, 82.55 mm): Symbol J2 Pin 2 [Pin_2, Passive, Line]
[pin_not_connected]: Pin not connected
    ; error
    @(142.24 mm, 41.91 mm): Symbol R_G Pin 2 [Passive, Line]
[pin_not_connected]: Pin not connected
    ; error
    @(121.92 mm, 85.09 mm): Symbol J2 Pin 3 [Pin_3, Passive, Line]
[pin_not_connected]: Pin not connected
    ; error
    @(121.92 mm, 87.63 mm): Symbol J2 Pin 4 [Pin_4, Passive, Line]
[pin_not_connected]: Pin not connected
    ; error
    @(121.92 mm, 90.17 mm): Symbol J2 Pin 5 [Pin_5, Passive, Line]
[pin_not_connected]: Pin not connected
    ; error
    @(147.32 mm, 38.10 mm): Symbol Q1 Pin 1 [G, Input, Line]
[pin_not_driven]: Input pin not driven by any Output pins
    ; error
    @(147.32 mm, 38.10 mm): Symbol Q1 Pin 1 [G, Input, Line]
[pin_not_connected]: Pin not connected
    ; error
    @(121.92 mm, 92.71 mm): Symbol J2 Pin 6 [Pin_6, Passive, Line]
[pin_not_connected]: Pin not connected
    ; error
    @(147.32 mm, 44.45 mm): Symbol R_PD Pin 1 [Passive, Line]
[pin_not_connected]: Pin not connected
    ; error
    @(121.92 mm, 95.25 mm): Symbol J2 Pin 7 [Pin_7, Passive, Line]
[pin_not_connected]: Pin not connected
    ; error
    @(147.32 mm, 52.07 mm): Symbol R_PD Pin 2 [Passive, Line]
[pin_not_connected]: Pin not connected
    ; error
    @(121.92 mm, 97.79 mm): Symbol J2 Pin 8 [Pin_8, Passive, Line]
[pin_not_connected]: Pin not connected
    ; error
    @(154.94 mm, 34.29 mm): Symbol Q1 Pin 3 [D, Passive, Line]
[pin_not_connected]: Pin not connected
    ; error
    @(154.94 mm, 41.91 mm): Symbol Q1 Pin 2 [S, Passive, Line]
[pin_not_connected]: Pin not connected
    ; error
    @(113.03 mm, 127.00 mm): Symbol R_LED Pin 1 [Passive, Line]
[pin_not_connected]: Pin not connected
    ; error
    @(152.40 mm, 78.74 mm): Symbol TP_ESC Pin 1 [1, Passive, Line]
[pin_not_connected]: Pin not connected
    ; error
    @(148.59 mm, 88.90 mm): Symbol R_PWM Pin 1 [Passive, Line]
[pin_not_connected]: Pin not connected
    ; error
    @(120.65 mm, 127.00 mm): Symbol R_LED Pin 2 [Passive, Line]
[pin_not_connected]: Pin not connected
    ; error
    @(172.72 mm, 36.83 mm): Symbol J_SOL Pin 1 [Pin_1, Passive, Line]
[pin_not_connected]: Pin not connected
    ; error
    @(123.19 mm, 127.00 mm): Symbol D2 Pin 1 [K, Passive, Line]
[pin_not_connected]: Pin not connected
    ; error
    @(172.72 mm, 39.37 mm): Symbol J_SOL Pin 2 [Pin_2, Passive, Line]
[pin_not_connected]: Pin not connected
    ; error
    @(156.21 mm, 88.90 mm): Symbol R_PWM Pin 2 [Passive, Line]
[pin_not_connected]: Pin not connected
    ; error
    @(130.81 mm, 127.00 mm): Symbol D2 Pin 2 [A, Passive, Line]
[pin_not_connected]: Pin not connected
    ; error
    @(172.72 mm, 86.36 mm): Symbol J_ESC Pin 1 [Pin_1, Passive, Line]
[pin_not_connected]: Pin not connected
    ; error
    @(190.50 mm, 34.29 mm): Symbol D1 Pin 2 [A, Passive, Line]
[pin_not_connected]: Pin not connected
    ; error
    @(172.72 mm, 88.90 mm): Symbol J_ESC Pin 2 [Pin_2, Passive, Line]
[pin_not_connected]: Pin not connected
    ; error
    @(190.50 mm, 41.91 mm): Symbol D1 Pin 1 [K, Passive, Line]
[pin_not_connected]: Pin not connected
    ; error
    @(172.72 mm, 91.44 mm): Symbol J_ESC Pin 3 [Pin_3, Passive, Line]
[lib_symbol_mismatch]: Symbol 'TestPoint' doesn't match copy in library 'Connector'
    ; warning
    @(38.10 mm, 20.32 mm): Symbol TP_VBATT [TestPoint]
[lib_symbol_mismatch]: Symbol 'Conn_01x02' doesn't match copy in library 'Connector_Generic'
    ; warning
    @(38.10 mm, 38.10 mm): Symbol J_BATT [Conn_01x02]
[lib_symbol_mismatch]: Symbol 'C' doesn't match copy in library 'Device'
    ; warning
    @(68.58 mm, 38.10 mm): Symbol C_IN [C]
[lib_symbol_mismatch]: Symbol 'Conn_01x02' doesn't match copy in library 'Connector_Generic'
    ; warning
    @(38.10 mm, 88.90 mm): Symbol J_FSR [Conn_01x02]
[lib_symbol_mismatch]: Symbol 'TestPoint' doesn't match copy in library 'Connector'
    ; warning
    @(66.04 mm, 76.20 mm): Symbol TP_FSR [TestPoint]
[lib_symbol_mismatch]: Symbol 'R' doesn't match copy in library 'Device'
    ; warning
    @(53.34 mm, 88.90 mm): Symbol R_REF [R]
[lib_symbol_mismatch]: Symbol 'C' doesn't match copy in library 'Device'
    ; warning
    @(58.42 mm, 88.90 mm): Symbol C_FILT [C]
[lib_symbol_mismatch]: Symbol 'TestPoint' doesn't match copy in library 'Connector'
    ; warning
    @(88.90 mm, 60.96 mm): Symbol TP_GND [TestPoint]
[lib_symbol_mismatch]: Symbol 'R' doesn't match copy in library 'Device'
    ; warning
    @(66.04 mm, 88.90 mm): Symbol R_PROT [R]
[lib_symbol_mismatch]: Symbol 'TestPoint' doesn't match copy in library 'Connector'
    ; warning
    @(109.22 mm, 20.32 mm): Symbol TP_3V3 [TestPoint]
[lib_symbol_mismatch]: Symbol 'C' doesn't match copy in library 'Device'
    ; warning
    @(109.22 mm, 38.10 mm): Symbol C_OUT [C]
[lib_symbol_mismatch]: Symbol 'Conn_01x08' doesn't match copy in library 'Connector_Generic'
    ; warning
    @(76.20 mm, 88.90 mm): Symbol J1 [Conn_01x08]
[lib_symbol_mismatch]: Symbol 'TestPoint' doesn't match copy in library 'Connector'
    ; warning
    @(142.24 mm, 20.32 mm): Symbol TP_GATE [TestPoint]
[lib_symbol_mismatch]: Symbol 'R' doesn't match copy in library 'Device'
    ; warning
    @(142.24 mm, 38.10 mm): Symbol R_G [R]
[lib_symbol_mismatch]: Symbol 'R' doesn't match copy in library 'Device'
    ; warning
    @(147.32 mm, 48.26 mm): Symbol R_PD [R]
[lib_symbol_issues]: Symbol 'Q_NMOS_GSD' not found in symbol library 'Device'
    ; warning
    @(152.40 mm, 38.10 mm): Symbol Q1 [Q_NMOS_GSD]
[lib_symbol_mismatch]: Symbol 'TestPoint' doesn't match copy in library 'Connector'
    ; warning
    @(152.40 mm, 76.20 mm): Symbol TP_ESC [TestPoint]
[lib_symbol_mismatch]: Symbol 'R' doesn't match copy in library 'Device'
    ; warning
    @(116.84 mm, 127.00 mm): Symbol R_LED [R]
[lib_symbol_mismatch]: Symbol 'R' doesn't match copy in library 'Device'
    ; warning
    @(152.40 mm, 88.90 mm): Symbol R_PWM [R]
[lib_symbol_mismatch]: Symbol 'LED' doesn't match copy in library 'Device'
    ; warning
    @(127.00 mm, 127.00 mm): Symbol D2 [LED]
[lib_symbol_mismatch]: Symbol 'Conn_01x02' doesn't match copy in library 'Connector_Generic'
    ; warning
    @(177.80 mm, 38.10 mm): Symbol J_SOL [Conn_01x02]
[lib_symbol_mismatch]: Symbol 'D_Schottky' doesn't match copy in library 'Device'
    ; warning
    @(190.50 mm, 38.10 mm): Symbol D1 [D_Schottky]
[lib_symbol_mismatch]: Symbol 'Conn_01x03' doesn't match copy in library 'Connector_Generic'
    ; warning
    @(177.80 mm, 88.90 mm): Symbol J_ESC [Conn_01x03]

 ** ERC messages: 85  Errors 62  Warnings 23

 ** Ignored checks:
    - Global label only appears once in the schematic
    - Four connection points are joined together
    - SPICE model issue
    - Assigned footprint doesn't match footprint filters
